
09-29 11:28:34.042  1487  1872 D API 
test: getContainerInfo: value is 
09-29 11:28:34.042  1487  1872 D API 
test: getContainerInfo: value is 
09-29 11:28:34.042  1487  1872 D API 
test: getContainerInfo: value is 
09-29 11:28:34.582  1487  2136 D 
ConnectivityService: 
filterNetworkStateForUid() uid: 
10288, pid: 1487, networkInfo: [type: 
WIFI[], state: CONNECTED/CONNECTED, 
reason: (unspecified), extra: (none), 
failover: false, available: true, 
roaming: false]
09-29 11:28:34.589  1487  3011 D 
ConnectivityService: 
filterNetworkStateForUid() uid: 
10288, pid: 20290, networkInfo: 
[type: WIFI[], state: 
CONNECTED/CONNECTED, reason: 
(unspecified), extra: (none), 
failover: false, available: true, 
roaming: false]
09-29 11:28:34.598  1487  1703 D 
ConnectivityService: sending 
notification CALLBACK_AVAILABLE for 
NetworkRequest [ TRACK_DEFAULT 
id=14347, [ Capabilities: 
INTERNET&NOT_RESTRICTED&TRUSTED 
Unwanted:  Uid: 10288] ]
09-29 11:28:34.600  1487  3011 D 
ConnectivityService: 
filterNetworkStateForUid() uid: 
10288, pid: 20290, networkInfo: 
[type: WIFI[], state: 
CONNECTED/CONNECTED, reason: 
(unspecified), extra: (none), 
failover: false, available: true, 
roaming: false]
09-29 11:28:34.617  1487  3011 D 
ConnectivityService: 
filterNetworkStateForUid() uid: 
10288, pid: 1487, networkInfo: [type: 
WIFI[], state: CONNECTED/CONNECTED, 
reason: (unspecified), extra: (none), 
failover: false, available: true, 
roaming: false]
09-29 11:28:34.669  1487  2136 D 
ConnectivityService: 
filterNetworkStateForUid() uid: 
10288, pid: 1487, networkInfo: [type: 
WIFI[], state: CONNECTED/CONNECTED, 
reason: (unspecified), extra: (none), 
failover: false, available: true, 
roaming: false]
09-29 11:28:34.702  1487  3011 D 
ConnectivityService: 
filterNetworkStateForUid() uid: 
10288, pid: 1487, networkInfo: [type: 
WIFI[], state: CONNECTED/CONNECTED, 
reason: (unspecified), extra: (none), 
failover: false, available: true, 
roaming: false]
09-29 11:28:37.579 15401 15401 E 
SchedPolicy: set_timerslack_ns write 
failed: Operation not permitted
09-29 11:28:37.580 15401 15401 E 
SchedPolicy: set_timerslack_ns write 
failed: Operation not permitted
09-29 11:28:38.062  1487  1511 W 
libprocessgroup: kill(-27922, 9) 
failed: No such process
09-29 11:28:38.068  1487  1511 W 
libprocessgroup: kill(-27922, 9) 
failed: No such process
09-29 11:28:38.073  1487  1511 W 
libprocessgroup: kill(-27922, 9) 
failed: No such process
09-29 11:28:38.084  1487  1511 W 
libprocessgroup: kill(-27922, 9) 
failed: No such process
09-29 11:28:38.090  1487  1511 W 
libprocessgroup: kill(-27922, 9) 
failed: No such process
09-29 11:28:38.194  1487  2136 D 
ConnectivityService: 
filterNetworkStateForUid() uid: 
10027, pid: 4128, networkInfo: [type: 
WIFI[], state: CONNECTED/CONNECTED, 
reason: (unspecified), extra: (none), 
failover: false, available: true, 
roaming: false]
09-29 11:28:38.194  1487  2136 D 
ConnectivityService: 
filterNetworkStateForUid() uid: 
10027, pid: 4128, networkInfo: [type: 
WIFI[], state: CONNECTED/CONNECTED, 
reason: (unspecified), extra: (none), 
failover: false, available: true, 
roaming: false]
09-29 11:28:38.910 19717 29156 W 
AOSP-MdnsDiscoveryManag: Error while 
decoding multicast packet (14994): 1 
[CONTEXT service_id=168 ]


